// Jest Snapshot v1, https://goo.gl/fbAQLP

exports[`Divider renders correctly 1`] = `
<div
  className="divider"
>
  <span />
  <p>
    Or continue with
  </p>
  <span />
</div>
`;
