// Jest Snapshot v1, https://goo.gl/fbAQLP

exports[`ImageSection renders correctly 1`] = `
<div
  className="imageSection"
/>
`;
