// Jest Snapshot v1, https://goo.gl/fbAQLP

exports[`SignInButton renders correctly 1`] = `
<button
  className="signInButton"
/>
`;
