// Jest Snapshot v1, https://goo.gl/fbAQLP

exports[`SocialButton renders correctly 1`] = `
<button
  className="socialButton"
/>
`;
